21/11/2022 16:03:05 - INFO - activitysim - Read logging configuration from: configs\logging.yaml
21/11/2022 16:03:05 - INFO - activitysim.cli.run - SETTING configs_dir: configs
21/11/2022 16:03:05 - INFO - activitysim.cli.run - SETTING settings_file_name: settings.yaml
21/11/2022 16:03:05 - INFO - activitysim.cli.run - SETTING data_dir: data
21/11/2022 16:03:05 - INFO - activitysim.cli.run - SETTING output_dir: output
21/11/2022 16:03:05 - INFO - activitysim.cli.run - SETTING multiprocess: None
21/11/2022 16:03:05 - INFO - activitysim.cli.run - SETTING num_processes: None
21/11/2022 16:03:05 - INFO - activitysim.cli.run - SETTING resume_after: None
21/11/2022 16:03:05 - INFO - activitysim.cli.run - SETTING GROUP_BY_INCIDENCE_SIGNATURE: True
21/11/2022 16:03:05 - INFO - activitysim.cli.run - SETTING INTEGERIZE_WITH_BACKSTOPPED_CONTROLS: True
21/11/2022 16:03:05 - INFO - activitysim.cli.run - SETTING SUB_BALANCE_WITH_FLOAT_SEED_WEIGHTS: False
21/11/2022 16:03:05 - INFO - activitysim.cli.run - SETTING meta_control_data: None
21/11/2022 16:03:05 - INFO - activitysim.cli.run - SETTING control_file_name: controls.csv
21/11/2022 16:03:05 - INFO - activitysim.cli.run - SETTING USE_CVXPY: False
21/11/2022 16:03:05 - INFO - activitysim.cli.run - SETTING USE_SIMUL_INTEGERIZER: True
21/11/2022 16:03:05 - INFO - activitysim.cli.run - ENV MKL_NUM_THREADS: None
21/11/2022 16:03:05 - INFO - activitysim.cli.run - ENV OMP_NUM_THREADS: None
21/11/2022 16:03:05 - INFO - activitysim.cli.run - ENV OPENBLAS_NUM_THREADS: None
21/11/2022 16:03:05 - INFO - activitysim.cli.run - run single process simulation
21/11/2022 16:03:05 - DEBUG - activitysim.core.random - Set random seed base to 0
21/11/2022 16:03:05 - DEBUG - activitysim.core.pipeline - open_pipeline - new, empty pipeline
21/11/2022 16:03:05 - DEBUG - activitysim.core.pipeline - opened pipeline_store output\pipeline.h5
21/11/2022 16:03:05 - DEBUG - activitysim.core.pipeline - add_checkpoint init timestamp 2022-11-21 16:03:05.111167
21/11/2022 16:03:05 - DEBUG - activitysim.core.pipeline - open_pipeline complete
21/11/2022 16:03:05 - INFO - activitysim.core.tracing - Time to execute open_pipeline : 0.02 seconds (0.0 minutes)
21/11/2022 16:03:05 - INFO - activitysim.core.tracing - Time to execute preload_injectables : 0.009 seconds (0.0 minutes)
21/11/2022 16:03:05 - INFO - activitysim.core.pipeline - #run_model running step input_pre_processor
21/11/2022 16:03:05 - INFO - populationsim.steps.input_pre_processor - Using table list: [{'tablename': 'households', 'filename': 'seed_households.csv', 'index_col': 'hh_id', 'rename_columns': {'hhnum': 'hh_id'}}, {'tablename': 'persons', 'filename': 'seed_persons.csv', 'rename_columns': {'hhnum': 'hh_id', 'SPORDER': 'per_num'}}, {'tablename': 'geo_cross_walk', 'filename': 'geo_cross_walk.csv', 'column_map': {'TRACTGEOID': 'TRACT', 'GEOID': 'BG'}}, {'tablename': 'BG_control_data', 'filename': 'control_totals_bg.csv', 'column_map': {'TRACTGEOID': 'TRACT', 'GEOID': 'BG'}}, {'tablename': 'TRACT_control_data', 'filename': 'control_totals_tract.csv', 'column_map': {'TRACTGEOID': 'TRACT'}}, {'tablename': 'REGION_control_data', 'filename': 'scaled_control_totals_meta.csv'}]
21/11/2022 16:03:05 - INFO - activitysim.core.input - Reading CSV file data\seed_households.csv
21/11/2022 16:03:05 - DEBUG - activitysim.core.input - raw households table size: (80494, 9) 5.8 MB
21/11/2022 16:03:05 - DEBUG - activitysim.core.input - renaming columns: {'hhnum': 'hh_id'}
21/11/2022 16:03:05 - DEBUG - activitysim.core.input - households table columns: ['SERIALNO' 'PUMA' 'REGION' 'NP' 'NW' 'HHINCADJ' 'WGTP' 'HTYPE']
21/11/2022 16:03:05 - DEBUG - activitysim.core.input - households table size: (80494, 8) 5.8 MB
21/11/2022 16:03:05 - DEBUG - activitysim.core.input - households index name: hh_id
21/11/2022 16:03:05 - INFO - populationsim.steps.input_pre_processor - registering table households
21/11/2022 16:03:05 - INFO - activitysim.core.input - Reading CSV file data\seed_persons.csv
21/11/2022 16:03:05 - DEBUG - activitysim.core.input - raw persons table size: (191080, 10) 15.3 MB
21/11/2022 16:03:05 - DEBUG - activitysim.core.input - renaming columns: {'hhnum': 'hh_id', 'SPORDER': 'per_num'}
21/11/2022 16:03:05 - DEBUG - activitysim.core.input - persons table columns: ['SERIALNO' 'hh_id' 'PUMA' 'REGION' 'per_num' 'PWGTP' 'RAC1P' 'AGEP'
 'PINCADJ' 'WORKER']
21/11/2022 16:03:05 - DEBUG - activitysim.core.input - persons table size: (191080, 10) 15.3 MB
21/11/2022 16:03:05 - DEBUG - activitysim.core.input - persons index name: None
21/11/2022 16:03:05 - INFO - populationsim.steps.input_pre_processor - registering table persons
21/11/2022 16:03:05 - INFO - activitysim.core.input - Reading CSV file data\geo_cross_walk.csv
21/11/2022 16:03:05 - DEBUG - activitysim.core.input - raw geo_cross_walk table size: (105, 8) 6.8 KB
21/11/2022 16:03:05 - DEBUG - activitysim.core.input - renaming columns: {'TRACTGEOID': 'TRACT', 'GEOID': 'BG'}
21/11/2022 16:03:05 - DEBUG - activitysim.core.input - geo_cross_walk table columns: ['STATEFP' 'COUNTYFP' 'TRACTCE' 'BLKGRPCE' 'BG' 'PUMA' 'REGION' 'TRACT']
21/11/2022 16:03:05 - DEBUG - activitysim.core.input - geo_cross_walk table size: (105, 8) 6.8 KB
21/11/2022 16:03:05 - DEBUG - activitysim.core.input - geo_cross_walk index name: None
21/11/2022 16:03:05 - INFO - populationsim.steps.input_pre_processor - registering table geo_cross_walk
21/11/2022 16:03:05 - INFO - activitysim.core.input - Reading CSV file data\control_totals_bg.csv
21/11/2022 16:03:05 - DEBUG - activitysim.core.input - raw BG_control_data table size: (105, 31) 26.2 KB
21/11/2022 16:03:05 - DEBUG - activitysim.core.input - renaming columns: {'TRACTGEOID': 'TRACT', 'GEOID': 'BG'}
21/11/2022 16:03:05 - DEBUG - activitysim.core.input - BG_control_data table columns: ['BG' 'POPBASE' 'HHBASE' 'PINC' 'HHSIZ1' 'HHSIZ2' 'HHSIZ3' 'HHSIZ4'
 'PAGE0TO14' 'PAGE15TO19' 'PAGE20TO29' 'PAGE30TO54' 'PAGE55TO64'
 'PAGE65PLUS' 'PRACWHT' 'PRACBLK' 'PRACNAT' 'PRACASN' 'PRACPAC' 'PRACOTH'
 'PRACMUL' 'HHINC1' 'HHINC2' 'HHINC3' 'HHINC4' 'STATEFP' 'COUNTYFP'
 'TRACTCE' 'TRACT' 'PUMA' 'REGION']
21/11/2022 16:03:05 - DEBUG - activitysim.core.input - BG_control_data table size: (105, 31) 26.2 KB
21/11/2022 16:03:05 - DEBUG - activitysim.core.input - BG_control_data index name: None
21/11/2022 16:03:05 - INFO - populationsim.steps.input_pre_processor - registering table BG_control_data
21/11/2022 16:03:05 - INFO - activitysim.core.input - Reading CSV file data\control_totals_tract.csv
21/11/2022 16:03:05 - DEBUG - activitysim.core.input - raw TRACT_control_data table size: (36, 16) 4.7 KB
21/11/2022 16:03:05 - DEBUG - activitysim.core.input - renaming columns: {'TRACTGEOID': 'TRACT'}
21/11/2022 16:03:05 - DEBUG - activitysim.core.input - TRACT_control_data table columns: ['TRACT' 'POPBASE' 'HHBASE' 'HHWRK0' 'HHWRK1' 'HHWRK2' 'HHWRK3' 'SF' 'DUP'
 'MF' 'MH' 'STATEFP' 'COUNTYFP' 'TRACTCE' 'PUMA' 'REGION']
21/11/2022 16:03:05 - DEBUG - activitysim.core.input - TRACT_control_data table size: (36, 16) 4.7 KB
21/11/2022 16:03:05 - DEBUG - activitysim.core.input - TRACT_control_data index name: None
21/11/2022 16:03:05 - INFO - populationsim.steps.input_pre_processor - registering table TRACT_control_data
21/11/2022 16:03:05 - INFO - activitysim.core.input - Reading CSV file data\scaled_control_totals_meta.csv
21/11/2022 16:03:05 - DEBUG - activitysim.core.input - raw REGION_control_data table size: (1, 34) 400 B
21/11/2022 16:03:05 - DEBUG - activitysim.core.input - REGION_control_data table columns: ['REGION' 'HHBASE' 'HHWRK0' 'HHWRK1' 'HHWRK2' 'HHWRK3' 'SF' 'DUP' 'MF'
 'MH' 'POPBASE' 'HHBASE.1' 'PINC' 'HHSIZ1' 'HHSIZ2' 'HHSIZ3' 'HHSIZ4'
 'PAGE0TO14' 'PAGE15TO19' 'PAGE20TO29' 'PAGE30TO54' 'PAGE55TO64'
 'PAGE65PLUS' 'PRACWHT' 'PRACBLK' 'PRACNAT' 'PRACASN' 'PRACPAC' 'PRACOTH'
 'PRACMUL' 'HHINC1' 'HHINC2' 'HHINC3' 'HHINC4']
21/11/2022 16:03:05 - DEBUG - activitysim.core.input - REGION_control_data table size: (1, 34) 400 B
21/11/2022 16:03:05 - DEBUG - activitysim.core.input - REGION_control_data index name: None
21/11/2022 16:03:05 - INFO - populationsim.steps.input_pre_processor - registering table REGION_control_data
21/11/2022 16:03:05 - DEBUG - activitysim.core.tracing - Time to execute #run_model completed step 'input_pre_processor' : 0.315 seconds (0.0 minutes)
21/11/2022 16:03:05 - DEBUG - activitysim.core.pipeline - add_checkpoint input_pre_processor timestamp 2022-11-21 16:03:05.478594
21/11/2022 16:03:05 - DEBUG - activitysim.core.pipeline - add_checkpoint 'input_pre_processor' table 'households' (80494, 8) 5.8 MB
21/11/2022 16:03:05 - DEBUG - activitysim.core.pipeline - add_checkpoint 'input_pre_processor' table 'persons' (191080, 10) 15.3 MB
21/11/2022 16:03:05 - DEBUG - activitysim.core.pipeline - add_checkpoint 'input_pre_processor' table 'geo_cross_walk' (105, 8) 6.8 KB
21/11/2022 16:03:05 - DEBUG - activitysim.core.pipeline - add_checkpoint 'input_pre_processor' table 'BG_control_data' (105, 31) 26.2 KB
21/11/2022 16:03:05 - DEBUG - activitysim.core.pipeline - add_checkpoint 'input_pre_processor' table 'TRACT_control_data' (36, 16) 4.7 KB
21/11/2022 16:03:05 - DEBUG - activitysim.core.pipeline - add_checkpoint 'input_pre_processor' table 'REGION_control_data' (1, 34) 400 B
21/11/2022 16:03:05 - INFO - activitysim.core.pipeline - #run_model running step setup_data_structures
21/11/2022 16:03:05 - INFO - populationsim.steps.setup_data_structures - Reading control file configs\controls.csv
21/11/2022 16:03:05 - INFO - populationsim.steps.setup_data_structures - dropped 76596 households not in seed zones
21/11/2022 16:03:05 - INFO - populationsim.steps.setup_data_structures - kept 3898 households in seed zones
21/11/2022 16:03:05 - DEBUG - activitysim.core.pipeline - rewrap table households inplace=False
21/11/2022 16:03:05 - DEBUG - activitysim.core.pipeline - rewrap table persons inplace=False
21/11/2022 16:03:05 - INFO - populationsim.steps.setup_data_structures - control target num_hh
21/11/2022 16:03:05 - DEBUG - populationsim.steps.setup_data_structures - control_row.seed_table households
21/11/2022 16:03:05 - DEBUG - populationsim.steps.setup_data_structures - control_row.expression (households.WGTP > 0) & (households.WGTP < np.inf)
21/11/2022 16:03:05 - INFO - populationsim.steps.setup_data_structures - control target hh_size_1
21/11/2022 16:03:05 - DEBUG - populationsim.steps.setup_data_structures - control_row.seed_table households
21/11/2022 16:03:05 - DEBUG - populationsim.steps.setup_data_structures - control_row.expression households.NP == 1
21/11/2022 16:03:05 - INFO - populationsim.steps.setup_data_structures - control target hh_size_2
21/11/2022 16:03:05 - DEBUG - populationsim.steps.setup_data_structures - control_row.seed_table households
21/11/2022 16:03:05 - DEBUG - populationsim.steps.setup_data_structures - control_row.expression households.NP == 2
21/11/2022 16:03:05 - INFO - populationsim.steps.setup_data_structures - control target hh_size_3
21/11/2022 16:03:05 - DEBUG - populationsim.steps.setup_data_structures - control_row.seed_table households
21/11/2022 16:03:05 - DEBUG - populationsim.steps.setup_data_structures - control_row.expression households.NP == 3
21/11/2022 16:03:05 - INFO - populationsim.steps.setup_data_structures - control target hh_size_4_plus
21/11/2022 16:03:05 - DEBUG - populationsim.steps.setup_data_structures - control_row.seed_table households
21/11/2022 16:03:05 - DEBUG - populationsim.steps.setup_data_structures - control_row.expression households.NP >= 4
21/11/2022 16:03:05 - INFO - populationsim.steps.setup_data_structures - control target hh_inc_0_21
21/11/2022 16:03:05 - DEBUG - populationsim.steps.setup_data_structures - control_row.seed_table households
21/11/2022 16:03:05 - DEBUG - populationsim.steps.setup_data_structures - control_row.expression (households.HHINCADJ > -999999999) & (households.HHINCADJ <= 21297)
21/11/2022 16:03:05 - INFO - populationsim.steps.setup_data_structures - control target hh_inc_21_42
21/11/2022 16:03:05 - DEBUG - populationsim.steps.setup_data_structures - control_row.seed_table households
21/11/2022 16:03:05 - DEBUG - populationsim.steps.setup_data_structures - control_row.expression (households.HHINCADJ >21297) & (households.HHINCADJ <= 42593)
21/11/2022 16:03:05 - INFO - populationsim.steps.setup_data_structures - control target hh_inc_42_85
21/11/2022 16:03:05 - DEBUG - populationsim.steps.setup_data_structures - control_row.seed_table households
21/11/2022 16:03:05 - DEBUG - populationsim.steps.setup_data_structures - control_row.expression (households.HHINCADJ > 42593) & (households.HHINCADJ <= 85185)
21/11/2022 16:03:05 - INFO - populationsim.steps.setup_data_structures - control target hh_inc_85_plus
21/11/2022 16:03:05 - DEBUG - populationsim.steps.setup_data_structures - control_row.seed_table households
21/11/2022 16:03:05 - DEBUG - populationsim.steps.setup_data_structures - control_row.expression (households.HHINCADJ > 85185) & (households.HHINCADJ <= 999999999)
21/11/2022 16:03:05 - INFO - populationsim.steps.setup_data_structures - control target hh_wrks_0
21/11/2022 16:03:05 - DEBUG - populationsim.steps.setup_data_structures - control_row.seed_table households
21/11/2022 16:03:05 - DEBUG - populationsim.steps.setup_data_structures - control_row.expression households.NW == 0
21/11/2022 16:03:05 - INFO - populationsim.steps.setup_data_structures - control target hh_wrks_1
21/11/2022 16:03:05 - DEBUG - populationsim.steps.setup_data_structures - control_row.seed_table households
21/11/2022 16:03:05 - DEBUG - populationsim.steps.setup_data_structures - control_row.expression households.NW == 1
21/11/2022 16:03:05 - INFO - populationsim.steps.setup_data_structures - control target hh_wrks_2
21/11/2022 16:03:05 - DEBUG - populationsim.steps.setup_data_structures - control_row.seed_table households
21/11/2022 16:03:05 - DEBUG - populationsim.steps.setup_data_structures - control_row.expression households.NW == 2
21/11/2022 16:03:05 - INFO - populationsim.steps.setup_data_structures - control target hh_wrks_3_plus
21/11/2022 16:03:05 - DEBUG - populationsim.steps.setup_data_structures - control_row.seed_table households
21/11/2022 16:03:05 - DEBUG - populationsim.steps.setup_data_structures - control_row.expression households.NW >= 3
21/11/2022 16:03:05 - INFO - populationsim.steps.setup_data_structures - control target hh_by_type_sf
21/11/2022 16:03:05 - DEBUG - populationsim.steps.setup_data_structures - control_row.seed_table households
21/11/2022 16:03:05 - DEBUG - populationsim.steps.setup_data_structures - control_row.expression households.HTYPE == 1
21/11/2022 16:03:05 - INFO - populationsim.steps.setup_data_structures - control target hh_by_type_mf
21/11/2022 16:03:05 - DEBUG - populationsim.steps.setup_data_structures - control_row.seed_table households
21/11/2022 16:03:05 - DEBUG - populationsim.steps.setup_data_structures - control_row.expression households.HTYPE == 2
21/11/2022 16:03:05 - INFO - populationsim.steps.setup_data_structures - control target hh_by_type_mh
21/11/2022 16:03:05 - DEBUG - populationsim.steps.setup_data_structures - control_row.seed_table households
21/11/2022 16:03:05 - DEBUG - populationsim.steps.setup_data_structures - control_row.expression households.HTYPE == 3
21/11/2022 16:03:05 - INFO - populationsim.steps.setup_data_structures - control target hh_by_type_dup
21/11/2022 16:03:05 - DEBUG - populationsim.steps.setup_data_structures - control_row.seed_table households
21/11/2022 16:03:05 - DEBUG - populationsim.steps.setup_data_structures - control_row.expression households.HTYPE == 4
21/11/2022 16:03:05 - INFO - populationsim.steps.setup_data_structures - control target num_per
21/11/2022 16:03:05 - DEBUG - populationsim.steps.setup_data_structures - control_row.seed_table persons
21/11/2022 16:03:05 - DEBUG - populationsim.steps.setup_data_structures - control_row.expression (persons.PWGTP > 0) & (persons.PWGTP < np.inf)
21/11/2022 16:03:05 - INFO - populationsim.steps.setup_data_structures - control target per_race_white
21/11/2022 16:03:05 - DEBUG - populationsim.steps.setup_data_structures - control_row.seed_table persons
21/11/2022 16:03:05 - DEBUG - populationsim.steps.setup_data_structures - control_row.expression persons.RAC1P == 1
21/11/2022 16:03:05 - INFO - populationsim.steps.setup_data_structures - control target per_race_black
21/11/2022 16:03:05 - DEBUG - populationsim.steps.setup_data_structures - control_row.seed_table persons
21/11/2022 16:03:05 - DEBUG - populationsim.steps.setup_data_structures - control_row.expression persons.RAC1P == 2
21/11/2022 16:03:05 - INFO - populationsim.steps.setup_data_structures - control target per_race_native
21/11/2022 16:03:05 - DEBUG - populationsim.steps.setup_data_structures - control_row.seed_table persons
21/11/2022 16:03:05 - DEBUG - populationsim.steps.setup_data_structures - control_row.expression persons.RAC1P.isin([3,4,5])
21/11/2022 16:03:05 - INFO - populationsim.steps.setup_data_structures - control target per_race_asian
21/11/2022 16:03:05 - DEBUG - populationsim.steps.setup_data_structures - control_row.seed_table persons
21/11/2022 16:03:05 - DEBUG - populationsim.steps.setup_data_structures - control_row.expression persons.RAC1P == 6
21/11/2022 16:03:05 - INFO - populationsim.steps.setup_data_structures - control target per_race_pacific
21/11/2022 16:03:05 - DEBUG - populationsim.steps.setup_data_structures - control_row.seed_table persons
21/11/2022 16:03:05 - DEBUG - populationsim.steps.setup_data_structures - control_row.expression persons.RAC1P == 7
21/11/2022 16:03:05 - INFO - populationsim.steps.setup_data_structures - control target per_race_other
21/11/2022 16:03:05 - DEBUG - populationsim.steps.setup_data_structures - control_row.seed_table persons
21/11/2022 16:03:05 - DEBUG - populationsim.steps.setup_data_structures - control_row.expression persons.RAC1P == 8
21/11/2022 16:03:05 - INFO - populationsim.steps.setup_data_structures - control target per_race_multi
21/11/2022 16:03:05 - DEBUG - populationsim.steps.setup_data_structures - control_row.seed_table persons
21/11/2022 16:03:05 - DEBUG - populationsim.steps.setup_data_structures - control_row.expression persons.RAC1P == 9
21/11/2022 16:03:05 - INFO - populationsim.steps.setup_data_structures - control target per_age_0_14
21/11/2022 16:03:05 - DEBUG - populationsim.steps.setup_data_structures - control_row.seed_table persons
21/11/2022 16:03:05 - DEBUG - populationsim.steps.setup_data_structures - control_row.expression (persons.AGEP <= 14)
21/11/2022 16:03:05 - INFO - populationsim.steps.setup_data_structures - control target per_age_15_19
21/11/2022 16:03:05 - DEBUG - populationsim.steps.setup_data_structures - control_row.seed_table persons
21/11/2022 16:03:05 - DEBUG - populationsim.steps.setup_data_structures - control_row.expression (persons.AGEP > 15) & (persons.AGEP <= 19)
21/11/2022 16:03:05 - INFO - populationsim.steps.setup_data_structures - control target per_age_20_29
21/11/2022 16:03:05 - DEBUG - populationsim.steps.setup_data_structures - control_row.seed_table persons
21/11/2022 16:03:05 - DEBUG - populationsim.steps.setup_data_structures - control_row.expression (persons.AGEP > 19) & (persons.AGEP <= 29)
21/11/2022 16:03:05 - INFO - populationsim.steps.setup_data_structures - control target per_age_30_54
21/11/2022 16:03:05 - DEBUG - populationsim.steps.setup_data_structures - control_row.seed_table persons
21/11/2022 16:03:05 - DEBUG - populationsim.steps.setup_data_structures - control_row.expression (persons.AGEP > 29) & (persons.AGEP <= 54)
21/11/2022 16:03:05 - INFO - populationsim.steps.setup_data_structures - control target per_age_55_64
21/11/2022 16:03:05 - DEBUG - populationsim.steps.setup_data_structures - control_row.seed_table persons
21/11/2022 16:03:05 - DEBUG - populationsim.steps.setup_data_structures - control_row.expression (persons.AGEP > 54) & (persons.AGEP <= 64)
21/11/2022 16:03:06 - INFO - populationsim.steps.setup_data_structures - control target per_age_65_plus
21/11/2022 16:03:06 - DEBUG - populationsim.steps.setup_data_structures - control_row.seed_table persons
21/11/2022 16:03:06 - DEBUG - populationsim.steps.setup_data_structures - control_row.expression (persons.AGEP > 64) & (persons.AGEP <= np.inf)
21/11/2022 16:03:06 - INFO - populationsim.steps.setup_data_structures - control target avg_percap_inc
21/11/2022 16:03:06 - DEBUG - populationsim.steps.setup_data_structures - control_row.seed_table persons
21/11/2022 16:03:06 - DEBUG - populationsim.steps.setup_data_structures - control_row.expression persons.PINCADJ
21/11/2022 16:03:06 - INFO - populationsim.steps.setup_data_structures - grouped incidence table has 3801 entries, ungrouped has 3898
21/11/2022 16:03:06 - DEBUG - activitysim.core.tracing - Time to execute #run_model completed step 'setup_data_structures' : 0.525 seconds (0.0 minutes)
21/11/2022 16:03:06 - DEBUG - activitysim.core.pipeline - add_checkpoint setup_data_structures timestamp 2022-11-21 16:03:06.150681
21/11/2022 16:03:06 - DEBUG - activitysim.core.pipeline - add_checkpoint 'setup_data_structures' table 'crosswalk' (105, 4) 4.2 KB
21/11/2022 16:03:06 - DEBUG - activitysim.core.pipeline - add_checkpoint 'setup_data_structures' table 'control_spec' (32, 6) 1.7 KB
21/11/2022 16:03:06 - DEBUG - activitysim.core.pipeline - add_checkpoint 'setup_data_structures' table 'REGION_controls' (1, 32) 264 B
21/11/2022 16:03:06 - DEBUG - activitysim.core.pipeline - add_checkpoint 'setup_data_structures' table 'PUMA_controls' (2, 32) 528 B
21/11/2022 16:03:06 - DEBUG - activitysim.core.pipeline - add_checkpoint 'setup_data_structures' table 'TRACT_controls' (36, 32) 9.5 KB
21/11/2022 16:03:06 - DEBUG - activitysim.core.pipeline - add_checkpoint 'setup_data_structures' table 'BG_controls' (105, 24) 21.0 KB
21/11/2022 16:03:06 - DEBUG - activitysim.core.pipeline - add_checkpoint 'setup_data_structures' table 'households' (3898, 8) 280.7 KB
21/11/2022 16:03:06 - DEBUG - activitysim.core.pipeline - add_checkpoint 'setup_data_structures' table 'persons' (191080, 10) 15.3 MB
21/11/2022 16:03:06 - DEBUG - activitysim.core.pipeline - add_checkpoint 'setup_data_structures' table 'household_groups' (3898, 3) 109.1 KB
21/11/2022 16:03:06 - DEBUG - activitysim.core.pipeline - add_checkpoint 'setup_data_structures' table 'incidence_table' (3801, 37) 1.1 MB
21/11/2022 16:03:06 - INFO - activitysim.core.pipeline - #run_model running step initial_seed_balancing
21/11/2022 16:03:06 - INFO - populationsim.steps.initial_seed_balancing - initial_seed_balancing seed id 901
21/11/2022 16:03:08 - INFO - populationsim.steps.initial_seed_balancing - seed_balancer status: {'converged': True, 'iter': 945, 'delta': 7.534461516257157e-10, 'max_gamma_dif': 9.920175791933161e-10}
21/11/2022 16:03:08 - INFO - populationsim.steps.initial_seed_balancing - Total balanced weights for seed 901 = 42794.000482233096
21/11/2022 16:03:08 - INFO - populationsim.steps.initial_seed_balancing - initial_seed_balancing seed id 902
21/11/2022 16:03:10 - INFO - populationsim.steps.initial_seed_balancing - seed_balancer status: {'converged': True, 'iter': 952, 'delta': 4.945471942846509e-10, 'max_gamma_dif': 9.866316652562546e-10}
21/11/2022 16:03:10 - INFO - populationsim.steps.initial_seed_balancing - Total balanced weights for seed 902 = 30312.999757984948
21/11/2022 16:03:10 - DEBUG - activitysim.core.tracing - Time to execute #run_model completed step 'initial_seed_balancing' : 4.358 seconds (0.1 minutes)
21/11/2022 16:03:10 - DEBUG - activitysim.core.pipeline - add_checkpoint initial_seed_balancing timestamp 2022-11-21 16:03:10.690738
21/11/2022 16:03:10 - DEBUG - activitysim.core.pipeline - add_checkpoint 'initial_seed_balancing' table 'PUMA_weights' (3801, 4) 121.8 KB
21/11/2022 16:03:10 - INFO - activitysim.core.pipeline - #run_model running step meta_control_factoring
21/11/2022 16:03:10 - WARNING - populationsim.steps.meta_control_factoring - meta_control_factoring: no meta targets so nothing to do
21/11/2022 16:03:10 - DEBUG - activitysim.core.tracing - Time to execute #run_model completed step 'meta_control_factoring' : 0.002 seconds (0.0 minutes)
21/11/2022 16:03:10 - DEBUG - activitysim.core.pipeline - add_checkpoint meta_control_factoring timestamp 2022-11-21 16:03:10.746310
21/11/2022 16:03:10 - INFO - activitysim.core.pipeline - #run_model running step final_seed_balancing
21/11/2022 16:03:10 - WARNING - populationsim.steps.final_seed_balancing - no need for final_seed_balancing because no meta controls
21/11/2022 16:03:10 - DEBUG - activitysim.core.tracing - Time to execute #run_model completed step 'final_seed_balancing' : 0.002 seconds (0.0 minutes)
21/11/2022 16:03:10 - DEBUG - activitysim.core.pipeline - add_checkpoint final_seed_balancing timestamp 2022-11-21 16:03:10.791894
21/11/2022 16:03:10 - DEBUG - activitysim.core.pipeline - rewrap table PUMA_weights inplace=True
21/11/2022 16:03:10 - DEBUG - activitysim.core.pipeline - add_checkpoint 'final_seed_balancing' table 'PUMA_weights' (3801, 5) 152.2 KB
21/11/2022 16:03:10 - INFO - activitysim.core.pipeline - #run_model running step integerize_final_seed_weights
21/11/2022 16:03:10 - INFO - populationsim.steps.integerize_final_seed_weights - integerize_final_seed_weights seed id 901
21/11/2022 16:03:10 - DEBUG - populationsim.integerizer - omitting 40 zero weight rows out of 1854
21/11/2022 16:03:11 - DEBUG - populationsim.integerizer - Integerizer: 12 out of 1814 different from round
21/11/2022 16:03:11 - DEBUG - populationsim.integerizer - Integerizer status for unbackstopped PUMA_901: OPTIMAL
21/11/2022 16:03:11 - INFO - populationsim.steps.integerize_final_seed_weights - integerize_final_seed_weights seed id 902
21/11/2022 16:03:11 - DEBUG - populationsim.integerizer - omitting 70 zero weight rows out of 1947
21/11/2022 16:03:11 - DEBUG - populationsim.integerizer - Integerizer: 13 out of 1877 different from round
21/11/2022 16:03:11 - DEBUG - populationsim.integerizer - Integerizer status for unbackstopped PUMA_902: OPTIMAL
21/11/2022 16:03:11 - DEBUG - activitysim.core.tracing - Time to execute #run_model completed step 'integerize_final_seed_weights' : 0.766 seconds (0.0 minutes)
21/11/2022 16:03:11 - DEBUG - activitysim.core.pipeline - add_checkpoint integerize_final_seed_weights timestamp 2022-11-21 16:03:11.614693
21/11/2022 16:03:11 - DEBUG - activitysim.core.pipeline - rewrap table PUMA_weights inplace=True
21/11/2022 16:03:11 - DEBUG - activitysim.core.pipeline - add_checkpoint 'integerize_final_seed_weights' table 'PUMA_weights' (3801, 6) 182.6 KB
21/11/2022 16:03:11 - INFO - activitysim.core.pipeline - #run_model running step sub_balancing
21/11/2022 16:03:11 - INFO - populationsim.steps.sub_balancing - balancing 1/1 seed 901, PUMA 901
21/11/2022 16:03:11 - DEBUG - populationsim.simul_balancer - 144 positive weight rows out of 1854
21/11/2022 16:03:11 - DEBUG - populationsim.simul_balancer - np_simul_balancer sample_count 144 control_count 32 zone_count 21
21/11/2022 16:03:11 - DEBUG - populationsim.simul_balancer - np_simul_balancer iteration 0 delta 113.59283744670603 max_gamma_dif 16.28141501256728
21/11/2022 16:03:14 - DEBUG - populationsim.simul_balancer - np_simul_balancer iteration 100 delta 0.5973484210755596 max_gamma_dif 15.593446460314237
21/11/2022 16:03:18 - DEBUG - populationsim.simul_balancer - np_simul_balancer iteration 200 delta 0.47969793219032336 max_gamma_dif 4.868951578931643
21/11/2022 16:03:21 - DEBUG - populationsim.simul_balancer - np_simul_balancer iteration 300 delta 0.3747169258623586 max_gamma_dif 1.3909827401879458
21/11/2022 16:03:24 - DEBUG - populationsim.simul_balancer - np_simul_balancer iteration 400 delta 0.32689013303679104 max_gamma_dif 0.6112462643990715
21/11/2022 16:03:27 - DEBUG - populationsim.simul_balancer - np_simul_balancer iteration 500 delta 0.31738461195501905 max_gamma_dif 0.15624889596406222
21/11/2022 16:03:30 - DEBUG - populationsim.simul_balancer - np_simul_balancer iteration 600 delta 0.10261748991695689 max_gamma_dif 0.06317753173107432
21/11/2022 16:03:32 - DEBUG - populationsim.simul_balancer - np_simul_balancer iteration 700 delta 0.019524399856378282 max_gamma_dif 0.007666500443769819
